---
source: src/highlight/mod.rs
---
<pre id="5e845049255f423296fd6f20449be0bc" class="toml"><code class="toml"><span class="punctuation">[</span>package<span class="punctuation">]</span>
name <span class="operator">=</span> <span class="string">&quot;cargo&quot;</span>
version <span class="operator">=</span> <span class="string">&quot;0.1.0&quot;</span>
edition <span class="operator">=</span> <span class="string">&quot;2021&quot;</span>
</code></pre>
