---
source: src/highlight/mod.rs
---
<pre id="5e845049255f423296fd6f20449be0bc" class="rust"><code class="rust"><span class="keyword">const</span> <span class="variable">x</span>: <span class="operator">&amp;</span><span class="type builtin">str</span> <span class="operator">=</span> <span class="string">&quot;abc&quot;</span><span class="punctuation">;</span>
<span class="keyword">const</span> <span class="variable">y</span>: <span class="type builtin">u32</span> <span class="operator">=</span> <span class="constant numeric">123</span><span class="punctuation">;</span>
<span class="keyword">const</span> <span class="variable">z</span>: <span class="type builtin">f32</span> <span class="operator">=</span> <span class="constant numeric">1.0</span><span class="punctuation">;</span>
</code></pre>
